[2026-09-25 00:23:54] [OTHER] ✅ Бот успешно запущен и готов к работе!
[2026-09-25 00:23:56] [BOT_ERROR] ❌ Критическая ошибка сессии: Сессия_996506121805

⚠️ [406 AUTH_KEY_DUPLICATED]
Эта сессия используется параллельно в другом процессе (например, старый процесс Python или меню каналов).
Автоматический перезапуск отключен во избежание спама в Telegram.
👤 Пользователь: Деловой | ID: 7916504148 | Username: @IFY_TC
[2026-09-25 00:23:57] [FORWARDING_DISABLED] 🔴 Сессия остановлена
Пользователь: 7916504148
Имя: Сессия_996506121805
👤 Пользователь: Деловой | ID: 7916504148 | Username: @IFY_TC
[2026-09-25 18:13:21] [OTHER] ✅ Бот успешно запущен и готов к работе!
[2026-09-25 18:16:15] [OTHER] ✅ Бот успешно запущен и готов к работе!
[2026-09-25 18:17:31] [OTHER] ✅ Бот успешно запущен и готов к работе!
[2026-09-25 18:18:56] [OTHER] ✅ Бот успешно запущен и готов к работе!
[2026-09-25 18:26:05] [OTHER] ✅ Бот успешно запущен и готов к работе!
[2026-09-25 18:44:00] [OTHER] ✅ Бот успешно запущен и готов к работе!
[2026-09-25 18:50:33] [OTHER] ✅ Бот успешно запущен и готов к работе!
[2026-09-25 18:54:20] [OTHER] ✅ Бот успешно запущен и готов к работе!
[2026-09-25 18:55:50] [OTHER] ✅ Бот успешно запущен и готов к работе!
[2026-09-25 19:16:24] [OTHER] ✅ Бот успешно запущен и готов к работе!
[2026-09-25 19:17:40] [OTHER] ✅ Бот успешно запущен и готов к работе!
[2026-09-25 19:29:03] [OTHER] ✅ Бот успешно запущен и готов к работе!
[2026-09-26 11:35:13] [OTHER] ✅ Бот успешно запущен и готов к работе!
[2026-09-26 11:38:19] [OTHER] ✅ Бот успешно запущен и готов к работе!
[2026-09-26 11:44:22] [OTHER] ✅ Бот успешно запущен и готов к работе!
[2026-09-26 11:47:09] [OTHER] ✅ Бот успешно запущен и готов к работе!
[2026-09-26 12:56:56] [OTHER] ✅ Бот успешно запущен и готов к работе!
[2026-09-26 15:02:34] [OTHER] ✅ Бот успешно запущен и готов к работе!
[2026-09-26 15:04:29] [OTHER] ✅ Бот успешно запущен и готов к работе!
[2026-09-26 15:06:11] [OTHER] ✅ Бот успешно запущен и готов к работе!
[2026-09-26 15:12:59] [OTHER] ✅ Бот успешно запущен и готов к работе!
[2026-09-26 15:24:59] [OTHER] ✅ Бот успешно запущен и готов к работе!
[2026-09-26 15:42:38] [OTHER] ✅ Бот успешно запущен и готов к работе!
[2026-09-26 22:57:14] [OTHER] ✅ Бот успешно запущен и готов к работе!
[2026-09-26 22:58:18] [OTHER] ✅ Бот успешно запущен и готов к работе!
[2026-09-26 22:59:06] [OTHER] ✅ Бот успешно запущен и готов к работе!
[2026-09-26 22:59:58] [OTHER] ✅ Бот успешно запущен и готов к работе!
[2026-09-26 23:03:52] [OTHER] ✅ Бот успешно запущен и готов к работе!
[2026-09-26 23:10:05] [OTHER] ✅ Бот успешно запущен и готов к работе!
[2026-09-26 23:11:02] [OTHER] ✅ Бот успешно запущен и готов к работе!
[2026-09-26 23:13:45] [OTHER] ✅ Бот успешно запущен и готов к работе!
[2026-09-26 23:14:38] [BOT_ERROR] ❌ Ошибка в колбэке profile: module 'datetime' has no attribute 'strptime'
👤 Пользователь: Деловой | ID: 7916504148 | Username: @IFY_TC
[2026-09-26 23:14:44] [BOT_ERROR] ❌ Ошибка в колбэке profile: module 'datetime' has no attribute 'strptime'
👤 Пользователь: Деловой | ID: 7916504148 | Username: @IFY_TC
[2026-09-26 23:14:52] [BOT_ERROR] ❌ Ошибка в колбэке profile: module 'datetime' has no attribute 'strptime'
👤 Пользователь: Деловой | ID: 7916504148 | Username: @IFY_TC
[2026-09-26 23:14:53] [BOT_ERROR] ❌ Ошибка в колбэке profile: module 'datetime' has no attribute 'strptime'
👤 Пользователь: Деловой | ID: 7916504148 | Username: @IFY_TC
[2026-09-26 23:14:53] [BOT_ERROR] ❌ Ошибка в колбэке profile: module 'datetime' has no attribute 'strptime'
👤 Пользователь: Деловой | ID: 7916504148 | Username: @IFY_TC
[2026-09-26 23:14:54] [BOT_ERROR] ❌ Ошибка в колбэке profile: module 'datetime' has no attribute 'strptime'
👤 Пользователь: Деловой | ID: 7916504148 | Username: @IFY_TC
[2026-09-26 23:19:31] [OTHER] ✅ Бот успешно запущен и готов к работе!
[2026-09-26 23:23:43] [OTHER] ✅ Бот успешно запущен и готов к работе!
[2026-09-26 23:24:47] [OTHER] ✅ Бот успешно запущен и готов к работе!
[2026-09-26 23:28:03] [OTHER] ✅ Бот успешно запущен и готов к работе!
[2026-09-26 23:29:38] [OTHER] ✅ Бот успешно запущен и готов к работе!
[2026-09-26 23:35:07] [OTHER] ✅ Бот успешно запущен и готов к работе!
[2026-09-26 23:37:01] [OTHER] ✅ Бот успешно запущен и готов к работе!
[2026-09-27 15:13:38] [FORWARDING_ENABLED] 🟢 Сессия запущена
Пользователь: 7916504148
Имя: Сессия_996506121805
👤 Пользователь: Деловой | ID: 7916504148 | Username: @IFY_TC
[2026-09-27 15:13:48] [FORWARD_SUCCESS] ✅ Сообщение переслано
📤 Из: Ёб Chan❤️ (#16789)
📥 В: FANTASY 🔞 (резерв) (#501)
👤 Пользователь: Деловой | ID: 7916504148 | Username: @IFY_TC
[2026-09-27 15:13:48] [FORWARD_SUCCESS] ✅ Сообщение переслано
📤 Из: Ёб Chan❤️ (#16789)
📥 В: FANTASY 🔞 (#532)
👤 Пользователь: Деловой | ID: 7916504148 | Username: @IFY_TC
[2026-09-27 15:13:50] [FORWARD_SUCCESS] ✅ Сообщение переслано
📤 Из: Зая, отдохни🐰 (#10072)
📥 В: FANTASY 🔞 (резерв) (#502)
👤 Пользователь: Деловой | ID: 7916504148 | Username: @IFY_TC
[2026-09-27 15:13:50] [FORWARD_SUCCESS] ✅ Сообщение переслано
📤 Из: Зая, отдохни🐰 (#10072)
📥 В: FANTASY 🔞 (#533)
👤 Пользователь: Деловой | ID: 7916504148 | Username: @IFY_TC
[2026-09-27 15:13:54] [FORWARD_SUCCESS] ✅ Альбом переслан (1 медиа)
📤 Из: Экспорт (#335)
📥 В: FANTASY 🔞 (резерв) (#503)
👤 Пользователь: Деловой | ID: 7916504148 | Username: @IFY_TC
[2026-09-27 15:13:55] [FORWARD_SUCCESS] ✅ Сообщение переслано
📤 Из: Канал -1001863377089 (#16208)
📥 В: FANTASY 🔞 (резерв) (#505)
👤 Пользователь: Деловой | ID: 7916504148 | Username: @IFY_TC
[2026-09-27 15:13:56] [FORWARD_SUCCESS] ✅ Альбом переслан (1 медиа)
📤 Из: Экспорт (#335)
📥 В: FANTASY 🔞 (#534)
👤 Пользователь: Деловой | ID: 7916504148 | Username: @IFY_TC
[2026-09-27 15:13:57] [FORWARD_SUCCESS] ✅ Сообщение переслано
📤 Из: Канал -1001191733186 (#44038)
📥 В: FANTASY 🔞 (резерв) (#504)
👤 Пользователь: Деловой | ID: 7916504148 | Username: @IFY_TC
[2026-09-27 15:13:57] [FORWARD_SUCCESS] ✅ Сообщение переслано
📤 Из: Канал -1001863377089 (#16208)
📥 В: FANTASY 🔞 (#535)
👤 Пользователь: Деловой | ID: 7916504148 | Username: @IFY_TC
[2026-09-27 15:13:58] [FORWARD_SUCCESS] ✅ Сообщение переслано
📤 Из: Канал -1001191733186 (#44038)
📥 В: FANTASY 🔞 (#536)
👤 Пользователь: Деловой | ID: 7916504148 | Username: @IFY_TC
[2026-09-27 15:14:36] [FORWARDING_DISABLED] 🔴 Сессия остановлена
Пользователь: 7916504148
Имя: Сессия_996506121805
👤 Пользователь: Деловой | ID: 7916504148 | Username: @IFY_TC
[2026-09-28 19:43:10] [OTHER] ✅ Бот успешно запущен и готов к работе!
[2026-09-28 19:58:02] [OTHER] ✅ Бот успешно запущен и готов к работе!
[2026-09-29 19:15:50] [OTHER] ✅ Бот успешно запущен и готов к работе!
[2026-09-29 19:19:57] [OTHER] ✅ Бот успешно запущен и готов к работе!
[2026-09-29 19:22:40] [OTHER] ✅ Бот успешно запущен и готов к работе!
[2026-09-29 19:24:08] [OTHER] ✅ Бот успешно запущен и готов к работе!
[2026-09-30 19:38:55] [OTHER] ✅ Бот успешно запущен и готов к работе!
[2026-09-30 19:40:18] [OTHER] ✅ Бот успешно запущен и готов к работе!
[2026-10-01 19:45:56] [OTHER] ✅ Бот успешно запущен и готов к работе!
[2026-10-01 19:51:08] [OTHER] ✅ Бот успешно запущен и готов к работе!
[2026-10-01 20:04:13] [OTHER] ✅ Бот успешно запущен и готов к работе!
[2026-10-01 20:07:05] [OTHER] ✅ Бот успешно запущен и готов к работе!
[2026-10-01 20:08:28] [OTHER] ✅ Бот успешно запущен и готов к работе!
[2026-10-01 20:09:25] [OTHER] ✅ Бот успешно запущен и готов к работе!
[2026-10-01 20:10:44] [OTHER] ✅ Бот успешно запущен и готов к работе!
[2026-10-01 20:12:16] [OTHER] ✅ Бот успешно запущен и готов к работе!
